## Validation failed

#### ‼️ Some errors were found validating the configuration files

***

Errors:

- Configuration validation failed
	- Unable to read configuration file
		- Failed to parse configuration

***

For more details about the configuration files format please see the [documentation](https://github.com/cncf/clowarden).

🔺 **These errors must be addressed before this PR can be merged** 🔺